!System.Generics.Collections
!System.Generics.Defaults
!Generics.Collections
!Generics.Defaults
!System.Types
!Winapi.ActiveX
!System.Hash
!System.Diagnostics
!System.RegularExpressionsAPI
!System.RegularExpressions
!DUnitX.InternalDataProvider
!DUnitX.Loggers.Null
!System.NetEncoding
!System.MaskUtils
!System.Classes
!System.TimeSpan
WebMock.Assertion
WebMock.Dynamic.RequestStub
WebMock.Dynamic.Responder
WebMock.FormDataMatcher
WebMock.FormFieldMatcher
WebMock.HTTP.Messages
WebMock.HTTP.Request
WebMock.HTTP.RequestMatcher
WebMock.JSONMatcher
WebMock
WebMock.RequestStub
WebMock.Responder
WebMock.Response
WebMock.ResponseBodySource
WebMock.ResponseContentFile
WebMock.ResponseContentString
WebMock.ResponseStatus
WebMock.Static.RequestStub
WebMock.Static.Responder
WebMock.StringAnyMatcher
WebMock.StringMatcher
WebMock.StringRegExMatcher
WebMock.StringWildcardMatcher
Mock.Indy.HTTPRequestInfo
TestHelpers
WebMock.Assertion.Tests
WebMock.Dynamic.RequestStub.Tests
WebMock.Dynamic.Responder.Tests
WebMock.FormDataMatcher.Tests
WebMock.FormFieldMatcher.Tests
WebMock.HTTP.Request.Tests
WebMock.HTTP.RequestMatcher.Tests
WebMock.JSONMatcher.Tests
WebMock.JSONValueMatcher.Tests
WebMock.Response.Tests
WebMock.ResponseBuilder.Tests
WebMock.ResponseContentFile.Tests
WebMock.ResponseContentString.Tests
WebMock.ResponseStatus.Tests
WebMock.Static.RequestStub.Tests
WebMock.Static.Responder.Tests
WebMock.StringAnyMatcher.Tests
WebMock.StringRegExMatcher.Tests
WebMock.StringWildcardMatcher.Tests
WebMock.Tests